// Jest Snapshot v1, https://goo.gl/fbAQLP

exports[`should render Header correctly 1`] = `
<div
  className="header"
>
  <div
    className="header-content"
  >
    <i
      className="fa fa-cloud header-content__img"
    />
    <h1
      className="header-content__title"
    >
      5-Day Forecast
    </h1>
    <a
      className="header-content__link"
      href="http://www.woeidlookup.com/"
      target="_blank"
    >
      WOE ID Index
    </a>
  </div>
</div>
`;
